Result:
  "integers"
  "equal"
  "inequal"
  "floats"
  "equal"
  "inequal"
  "strings"
  "equal"
  "inequal"
  "inequal"
  "symbols"
  "equal"
  "inequal"
  "quoted-blocks"
  "equal"
  "inequal"
  "inequal"
  "equal"
  "quoted-integers"
  "equal"
  "inequal"
  "inequal"
  "equal"
  "inequal"
  "inequal"
  "quoted-strings"
  "equal"
  "inequal"
  "inequal"
  "inequal"
  "inequal"
  "equal"
  "inequal"
