Result:
  [ 1 1 0 1 1 1 ]
  55
  "110111"
  "0"
  "1"
  "1"
  98
